// Jest Snapshot v1, https://goo.gl/fbAQLP

exports[`PagingType should create the correct filter graphql schema 1`] = `
"\\"\\"\\"Cursor for paging through collections\\"\\"\\"
scalar ConnectionCursor

\\"\\"\\"
Relative date, an Epoch time (number), ISO Date string or a relative date value in the form of \\"last-[N]-[minutes | hours | days | weeks | months | years]\\"
\\"\\"\\"
scalar RelativeDate

type Query {
  test(input: Paging!): Int!
}

input Paging {
  \\"\\"\\"Paginate before opaque cursor\\"\\"\\"
  before: ConnectionCursor

  \\"\\"\\"Paginate after opaque cursor\\"\\"\\"
  after: ConnectionCursor

  \\"\\"\\"Paginate first\\"\\"\\"
  first: Int

  \\"\\"\\"Paginate last\\"\\"\\"
  last: Int
}"
`;
