// Jest Snapshot v1, https://goo.gl/fbAQLP

exports[`AggregateArgsType should create an aggregate type with the correct fields for each type 1`] = `
"\\"\\"\\"Cursor for paging through collections\\"\\"\\"
scalar ConnectionCursor

\\"\\"\\"
Relative date, an Epoch time (number), ISO Date string or a relative date value in the form of \\"last-[N]-[minutes | hours | days | weeks | months | years]\\"
\\"\\"\\"
scalar RelativeDate

type Query {
  aggregate(
    \\"\\"\\"Filter to find records to aggregate on\\"\\"\\"
    filter: FakeTypeFilter

    \\"\\"\\"Limit the number of results group by aggregation can return\\"\\"\\"
    groupByLimit: Float
  ): Int!
}

input FakeTypeFilter {
  freeTextQuery: String
  and: [FakeTypeFilter!]
  or: [FakeTypeFilter!]
  stringField: StringFieldComparison
  numberField: NumberFieldComparison
  boolField: BooleanFieldComparison
  dateField: DateFieldComparison
}

input StringFieldComparison {
  is: Boolean
  isNot: Boolean
  eq: String
  neq: String
  gt: String
  gte: String
  lt: String
  lte: String
  like: String
  notLike: String
  iLike: String
  notILike: String
  in: [String!]
  notIn: [String!]
}

input NumberFieldComparison {
  is: Boolean
  isNot: Boolean
  eq: Float
  neq: Float
  gt: Float
  gte: Float
  lt: Float
  lte: Float
  in: [Float!]
  notIn: [Float!]
  between: NumberFieldComparisonBetween
  notBetween: NumberFieldComparisonBetween
}

input NumberFieldComparisonBetween {
  lower: Float!
  upper: Float!
}

input BooleanFieldComparison {
  is: Boolean
  isNot: Boolean
}

input DateFieldComparison {
  is: Boolean
  isNot: Boolean
  eq: RelativeDate
  neq: RelativeDate
  gt: RelativeDate
  gte: RelativeDate
  lt: RelativeDate
  lte: RelativeDate
  in: [RelativeDate!]
  notIn: [RelativeDate!]
  between: DateFieldComparisonBetween
  notBetween: DateFieldComparisonBetween
}

input DateFieldComparisonBetween {
  lower: DateTime!
  upper: DateTime!
}

\\"\\"\\"
A date-time string at UTC, such as 2019-12-03T09:54:33Z, compliant with the date-time format.
\\"\\"\\"
scalar DateTime"
`;
