// Jest Snapshot v1, https://goo.gl/fbAQLP

exports[`DeleteManyInputType should create an args type with the field as the type 1`] = `
"\\"\\"\\"Cursor for paging through collections\\"\\"\\"
scalar ConnectionCursor

\\"\\"\\"
Relative date, an Epoch time (number), ISO Date string or a relative date value in the form of \\"last-[N]-[minutes | hours | days | weeks | months | years]\\"
\\"\\"\\"
scalar RelativeDate

type Query {
  test(input: DeleteMany!): Int!
}

input DeleteMany {
  \\"\\"\\"Filter to find records to delete\\"\\"\\"
  filter: DeleteManyDTOFilter!
}

input DeleteManyDTOFilter {
  freeTextQuery: String
  and: [DeleteManyDTOFilter!]
  or: [DeleteManyDTOFilter!]
  field: StringFieldComparison
}

input StringFieldComparison {
  is: Boolean
  isNot: Boolean
  eq: String
  neq: String
  gt: String
  gte: String
  lt: String
  lte: String
  like: String
  notLike: String
  iLike: String
  notILike: String
  in: [String!]
  notIn: [String!]
}"
`;
