// Jest Snapshot v1, https://goo.gl/fbAQLP

exports[`DeleteManyResponseType should create a @nestjs/graphql object type 1`] = `
"type DeleteManyResponse {
  \\"\\"\\"The number of records deleted.\\"\\"\\"
  deletedCount: Int!
}

\\"\\"\\"Cursor for paging through collections\\"\\"\\"
scalar ConnectionCursor

\\"\\"\\"
Relative date, an Epoch time (number), ISO Date string or a relative date value in the form of \\"last-[N]-[minutes | hours | days | weeks | months | years]\\"
\\"\\"\\"
scalar RelativeDate

type Query {
  deleteTest: DeleteManyResponse!
}"
`;
