// Jest Snapshot v1, https://goo.gl/fbAQLP

exports[`MutationArgsType should create an args type with an array field 1`] = `
"\\"\\"\\"Cursor for paging through collections\\"\\"\\"
scalar ConnectionCursor

\\"\\"\\"
Relative date, an Epoch time (number), ISO Date string or a relative date value in the form of \\"last-[N]-[minutes | hours | days | weeks | months | years]\\"
\\"\\"\\"
scalar RelativeDate

type Query {
  test(input: FakeType!): Int!
}

input FakeType {
  foo: String!
}"
`;
