// Jest Snapshot v1, https://goo.gl/fbAQLP

exports[`UpdateManyInputType should create an args type with the field as the type 1`] = `
"\\"\\"\\"Cursor for paging through collections\\"\\"\\"
scalar ConnectionCursor

\\"\\"\\"
Relative date, an Epoch time (number), ISO Date string or a relative date value in the form of \\"last-[N]-[minutes | hours | days | weeks | months | years]\\"
\\"\\"\\"
scalar RelativeDate

type Query {
  updateTest(input: UpdateMany!): Int!
}

input UpdateMany {
  \\"\\"\\"Filter used to find fields to update\\"\\"\\"
  filter: FakeUpdateManyTypeFilter!

  \\"\\"\\"The update to apply to all records found using the filter\\"\\"\\"
  update: FakeUpdateManyInput!
}

input FakeUpdateManyTypeFilter {
  freeTextQuery: String
  and: [FakeUpdateManyTypeFilter!]
  or: [FakeUpdateManyTypeFilter!]
  name: StringFieldComparison
}

input StringFieldComparison {
  is: Boolean
  isNot: Boolean
  eq: String
  neq: String
  gt: String
  gte: String
  lt: String
  lte: String
  like: String
  notLike: String
  iLike: String
  notILike: String
  in: [String!]
  notIn: [String!]
}

input FakeUpdateManyInput {
  name: String!
}"
`;
